{"index": 1, "completed": 1, "total": 17017, "study": "pilot", "instance": "c101C5", "algorithm": "GREEDY", "seconds": 0.03454240004066378, "status": "completed", "error": null}
{"index": 2, "completed": 2, "total": 17017, "study": "pilot", "instance": "c101C5", "algorithm": "MPC_MCTS_H1", "seconds": 0.03033000009600073, "status": "completed", "error": null}
{"index": 3, "completed": 3, "total": 17017, "study": "pilot", "instance": "c101C5", "algorithm": "INDEPENDENT_MPC_MCTS", "seconds": 0.030564700020477176, "status": "completed", "error": null}
{"index": 4, "completed": 4, "total": 17017, "study": "pilot", "instance": "c101C5", "algorithm": "COORDINATED_MPC_MCTS", "seconds": 0.03175490000285208, "status": "completed", "error": null}
{"index": 5, "completed": 5, "total": 17017, "study": "pilot", "instance": "c101C5", "algorithm": "GREEDY", "seconds": 0.030345300096087158, "status": "completed", "error": null}
{"index": 6, "completed": 6, "total": 17017, "study": "pilot", "instance": "c101C5", "algorithm": "MPC_MCTS_H1", "seconds": 0.030781200039200485, "status": "completed", "error": null}
{"index": 7, "completed": 7, "total": 17017, "study": "pilot", "instance": "c101C5", "algorithm": "INDEPENDENT_MPC_MCTS", "seconds": 0.030923900078050792, "status": "completed", "error": null}
{"index": 8, "completed": 8, "total": 17017, "study": "pilot", "instance": "c101C5", "algorithm": "COORDINATED_MPC_MCTS", "seconds": 0.030758899985812604, "status": "completed", "error": null}
{"index": 9, "completed": 9, "total": 17017, "study": "pilot", "instance": "r104C5", "algorithm": "GREEDY", "seconds": 0.030680699972435832, "status": "completed", "error": null}
{"index": 10, "completed": 10, "total": 17017, "study": "pilot", "instance": "r104C5", "algorithm": "MPC_MCTS_H1", "seconds": 0.03468260006047785, "status": "completed", "error": null}
{"index": 11, "completed": 11, "total": 17017, "study": "pilot", "instance": "r104C5", "algorithm": "INDEPENDENT_MPC_MCTS", "seconds": 0.029837499954737723, "status": "completed", "error": null}
{"index": 12, "completed": 12, "total": 17017, "study": "pilot", "instance": "r104C5", "algorithm": "COORDINATED_MPC_MCTS", "seconds": 0.029825500096194446, "status": "completed", "error": null}
{"index": 13, "completed": 13, "total": 17017, "study": "pilot", "instance": "r104C5", "algorithm": "GREEDY", "seconds": 0.03119830007199198, "status": "completed", "error": null}
{"index": 14, "completed": 14, "total": 17017, "study": "pilot", "instance": "r104C5", "algorithm": "MPC_MCTS_H1", "seconds": 0.030264300061389804, "status": "completed", "error": null}
{"index": 15, "completed": 15, "total": 17017, "study": "pilot", "instance": "r104C5", "algorithm": "INDEPENDENT_MPC_MCTS", "seconds": 0.03085760003887117, "status": "completed", "error": null}
{"index": 16, "completed": 16, "total": 17017, "study": "pilot", "instance": "r104C5", "algorithm": "COORDINATED_MPC_MCTS", "seconds": 0.030490199918858707, "status": "completed", "error": null}
{"index": 17, "completed": 17, "total": 17017, "study": "pilot", "instance": "rc105C5", "algorithm": "GREEDY", "seconds": 0.03037599998060614, "status": "completed", "error": null}
{"index": 18, "completed": 18, "total": 17017, "study": "pilot", "instance": "rc105C5", "algorithm": "MPC_MCTS_H1", "seconds": 0.030222399975173175, "status": "completed", "error": null}
{"index": 19, "completed": 19, "total": 17017, "study": "pilot", "instance": "rc105C5", "algorithm": "INDEPENDENT_MPC_MCTS", "seconds": 0.030718600028194487, "status": "completed", "error": null}
{"index": 20, "completed": 20, "total": 17017, "study": "pilot", "instance": "rc105C5", "algorithm": "COORDINATED_MPC_MCTS", "seconds": 0.030960000003688037, "status": "completed", "error": null}
{"index": 21, "completed": 21, "total": 17017, "study": "pilot", "instance": "rc105C5", "algorithm": "GREEDY", "seconds": 0.03019790002144873, "status": "completed", "error": null}
{"index": 22, "completed": 22, "total": 17017, "study": "pilot", "instance": "rc105C5", "algorithm": "MPC_MCTS_H1", "seconds": 0.030627799918875098, "status": "completed", "error": null}
{"index": 23, "completed": 23, "total": 17017, "study": "pilot", "instance": "rc105C5", "algorithm": "INDEPENDENT_MPC_MCTS", "seconds": 0.030554100056178868, "status": "completed", "error": null}
{"index": 24, "completed": 24, "total": 17017, "study": "pilot", "instance": "rc105C5", "algorithm": "COORDINATED_MPC_MCTS", "seconds": 0.031076100072823465, "status": "completed", "error": null}
{"index": 25, "completed": 25, "total": 17017, "study": "pilot", "instance": "c101C10", "algorithm": "GREEDY", "seconds": 0.033549000043421984, "status": "completed", "error": null}
{"index": 26, "completed": 26, "total": 17017, "study": "pilot", "instance": "c101C10", "algorithm": "MPC_MCTS_H1", "seconds": 0.03357580001465976, "status": "completed", "error": null}
{"index": 27, "completed": 27, "total": 17017, "study": "pilot", "instance": "c101C10", "algorithm": "INDEPENDENT_MPC_MCTS", "seconds": 0.03709939995314926, "status": "completed", "error": null}
{"index": 28, "completed": 28, "total": 17017, "study": "pilot", "instance": "c101C10", "algorithm": "COORDINATED_MPC_MCTS", "seconds": 0.050073200021870434, "status": "completed", "error": null}
{"index": 29, "completed": 29, "total": 17017, "study": "pilot", "instance": "c101C10", "algorithm": "GREEDY", "seconds": 0.03280549996998161, "status": "completed", "error": null}
{"index": 30, "completed": 30, "total": 17017, "study": "pilot", "instance": "c101C10", "algorithm": "MPC_MCTS_H1", "seconds": 0.03420290001668036, "status": "completed", "error": null}
{"index": 31, "completed": 31, "total": 17017, "study": "pilot", "instance": "c101C10", "algorithm": "INDEPENDENT_MPC_MCTS", "seconds": 0.036471599945798516, "status": "completed", "error": null}
{"index": 32, "completed": 32, "total": 17017, "study": "pilot", "instance": "c101C10", "algorithm": "COORDINATED_MPC_MCTS", "seconds": 0.038117899908684194, "status": "completed", "error": null}
{"index": 33, "completed": 33, "total": 17017, "study": "pilot", "instance": "c103C15", "algorithm": "GREEDY", "seconds": 0.035925300093367696, "status": "completed", "error": null}
{"index": 34, "completed": 34, "total": 17017, "study": "pilot", "instance": "c103C15", "algorithm": "MPC_MCTS_H1", "seconds": 0.038272100035101175, "status": "completed", "error": null}
{"index": 35, "completed": 35, "total": 17017, "study": "pilot", "instance": "c103C15", "algorithm": "INDEPENDENT_MPC_MCTS", "seconds": 0.04087170003913343, "status": "completed", "error": null}
{"index": 36, "completed": 36, "total": 17017, "study": "pilot", "instance": "c103C15", "algorithm": "COORDINATED_MPC_MCTS", "seconds": 0.041595299961045384, "status": "completed", "error": null}
{"index": 37, "completed": 37, "total": 17017, "study": "pilot", "instance": "c103C15", "algorithm": "GREEDY", "seconds": 0.036978699965402484, "status": "completed", "error": null}
{"index": 38, "completed": 38, "total": 17017, "study": "pilot", "instance": "c103C15", "algorithm": "MPC_MCTS_H1", "seconds": 0.03757710009813309, "status": "completed", "error": null}
{"index": 39, "completed": 39, "total": 17017, "study": "pilot", "instance": "c103C15", "algorithm": "INDEPENDENT_MPC_MCTS", "seconds": 0.04213059996254742, "status": "completed", "error": null}
{"index": 40, "completed": 40, "total": 17017, "study": "pilot", "instance": "c103C15", "algorithm": "COORDINATED_MPC_MCTS", "seconds": 0.04203169990796596, "status": "completed", "error": null}
{"index": 42, "completed": 41, "total": 17017, "study": "ablations", "instance": "c101_21", "algorithm": "COORDINATED_MPC_MCTS", "seconds": 529.4210469999816, "status": "completed", "error": null}
{"index": 43, "completed": 42, "total": 17017, "study": "ablations", "instance": "c101_21", "algorithm": "COORDINATED_MPC_MCTS", "seconds": 993.0633479000535, "status": "completed", "error": null}
{"index": 44, "completed": 43, "total": 17017, "study": "ablations", "instance": "c101_21", "algorithm": "COORDINATED_MPC_MCTS", "seconds": 1587.1889675999992, "status": "completed", "error": null}
{"index": 41, "completed": 44, "total": 17017, "study": "ablations", "instance": "c101_21", "algorithm": "COORDINATED_MPC_MCTS", "seconds": 1598.5778533000266, "status": "completed", "error": null}
{"index": 45, "completed": 45, "total": 17017, "study": "ablations", "instance": "c101_21", "algorithm": "COORDINATED_MPC_MCTS", "seconds": 1918.7676420999924, "status": "completed", "error": null}
{"index": 46, "completed": 46, "total": 17017, "study": "ablations", "instance": "c101_21", "algorithm": "COORDINATED_MPC_MCTS", "seconds": 1554.034378399956, "status": "completed", "error": null}
{"index": 47, "completed": 47, "total": 17017, "study": "ablations", "instance": "c101_21", "algorithm": "COORDINATED_MPC_MCTS", "seconds": 1561.1123631999362, "status": "completed", "error": null}
{"index": 48, "completed": 48, "total": 17017, "study": "ablations", "instance": "c101_21", "algorithm": "COORDINATED_MPC_MCTS", "seconds": 1840.1902337999782, "status": "completed", "error": null}
{"index": 49, "completed": 49, "total": 17017, "study": "ablations", "instance": "c101_21", "algorithm": "COORDINATED_MPC_MCTS", "seconds": 1564.4822362000123, "status": "completed", "error": null}
{"index": 53, "completed": 50, "total": 17017, "study": "ablations", "instance": "c101_21", "algorithm": "COORDINATED_MPC_MCTS", "seconds": 392.5594831999624, "status": "completed", "error": null}
{"index": 54, "completed": 51, "total": 17017, "study": "ablations", "instance": "c101_21", "algorithm": "COORDINATED_MPC_MCTS", "seconds": 1480.2731787000084, "status": "completed", "error": null}
{"index": 50, "completed": 52, "total": 17017, "study": "ablations", "instance": "c101_21", "algorithm": "COORDINATED_MPC_MCTS", "seconds": 3811.1228411999764, "status": "completed", "error": null}
{"index": 55, "completed": 53, "total": 17017, "study": "ablations", "instance": "c101_21", "algorithm": "INDEPENDENT_MPC_MCTS", "seconds": 1689.6597850000253, "status": "completed", "error": null}
{"index": 56, "completed": 54, "total": 17017, "study": "ablations", "instance": "c101_21", "algorithm": "COORDINATED_MPC_MCTS", "seconds": 1510.0560990000376, "status": "completed", "error": null}
{"index": 51, "completed": 55, "total": 17017, "study": "ablations", "instance": "c101_21", "algorithm": "COORDINATED_MPC_MCTS", "seconds": 7017.319063600036, "status": "completed", "error": null}
{"index": 52, "completed": 56, "total": 17017, "study": "ablations", "instance": "c101_21", "algorithm": "COORDINATED_MPC_MCTS", "seconds": 10716.508699600003, "status": "completed", "error": null}
{"index": 57, "completed": 57, "total": 17017, "study": "ablations", "instance": "c101_21", "algorithm": "COORDINATED_MPC_MCTS", "seconds": 1622.282893500058, "status": "completed", "error": null}
{"index": 58, "completed": 58, "total": 17017, "study": "ablations", "instance": "c101_21", "algorithm": "COORDINATED_MPC_MCTS", "seconds": 1525.5150825999444, "status": "completed", "error": null}
