{"index": 1, "total": 17017, "study": "pilot", "instance": "c101C5", "algorithm": "GREEDY", "status": "completed", "seconds": 0.076630900031887, "served": 4, "error": null}
{"index": 2, "total": 17017, "study": "pilot", "instance": "c101C5", "algorithm": "MPC_MCTS_H1", "status": "completed", "seconds": 0.18507809995207936, "served": 4, "error": null}
{"index": 3, "total": 17017, "study": "pilot", "instance": "c101C5", "algorithm": "INDEPENDENT_MPC_MCTS", "status": "completed", "seconds": 0.36525480006821454, "served": 4, "error": null}
{"index": 4, "total": 17017, "study": "pilot", "instance": "c101C5", "algorithm": "COORDINATED_MPC_MCTS", "status": "completed", "seconds": 0.4225513000274077, "served": 5, "error": null}
{"index": 5, "total": 17017, "study": "pilot", "instance": "c101C5", "algorithm": "GREEDY", "status": "completed", "seconds": 0.05126039998140186, "served": 5, "error": null}
{"index": 6, "total": 17017, "study": "pilot", "instance": "c101C5", "algorithm": "MPC_MCTS_H1", "status": "completed", "seconds": 0.2021505000302568, "served": 4, "error": null}
{"index": 7, "total": 17017, "study": "pilot", "instance": "c101C5", "algorithm": "INDEPENDENT_MPC_MCTS", "status": "completed", "seconds": 0.21855789993423969, "served": 4, "error": null}
{"index": 8, "total": 17017, "study": "pilot", "instance": "c101C5", "algorithm": "COORDINATED_MPC_MCTS", "status": "completed", "seconds": 0.27875509997829795, "served": 4, "error": null}
{"index": 9, "total": 17017, "study": "pilot", "instance": "r104C5", "algorithm": "GREEDY", "status": "completed", "seconds": 0.054725300054997206, "served": 5, "error": null}
{"index": 10, "total": 17017, "study": "pilot", "instance": "r104C5", "algorithm": "MPC_MCTS_H1", "status": "completed", "seconds": 0.17256760003510863, "served": 5, "error": null}
{"index": 11, "total": 17017, "study": "pilot", "instance": "r104C5", "algorithm": "INDEPENDENT_MPC_MCTS", "status": "completed", "seconds": 0.24791469995398074, "served": 4, "error": null}
{"index": 12, "total": 17017, "study": "pilot", "instance": "r104C5", "algorithm": "COORDINATED_MPC_MCTS", "status": "completed", "seconds": 0.30124959989916533, "served": 5, "error": null}
{"index": 13, "total": 17017, "study": "pilot", "instance": "r104C5", "algorithm": "GREEDY", "status": "completed", "seconds": 0.05296640004962683, "served": 5, "error": null}
{"index": 14, "total": 17017, "study": "pilot", "instance": "r104C5", "algorithm": "MPC_MCTS_H1", "status": "completed", "seconds": 0.16731390007771552, "served": 5, "error": null}
{"index": 15, "total": 17017, "study": "pilot", "instance": "r104C5", "algorithm": "INDEPENDENT_MPC_MCTS", "status": "completed", "seconds": 0.2686676000012085, "served": 5, "error": null}
{"index": 16, "total": 17017, "study": "pilot", "instance": "r104C5", "algorithm": "COORDINATED_MPC_MCTS", "status": "completed", "seconds": 0.29904810001607984, "served": 5, "error": null}
{"index": 17, "total": 17017, "study": "pilot", "instance": "rc105C5", "algorithm": "GREEDY", "status": "completed", "seconds": 0.05279240000527352, "served": 3, "error": null}
{"index": 18, "total": 17017, "study": "pilot", "instance": "rc105C5", "algorithm": "MPC_MCTS_H1", "status": "completed", "seconds": 0.16263559996150434, "served": 3, "error": null}
{"index": 19, "total": 17017, "study": "pilot", "instance": "rc105C5", "algorithm": "INDEPENDENT_MPC_MCTS", "status": "completed", "seconds": 0.3099401000654325, "served": 4, "error": null}
{"index": 20, "total": 17017, "study": "pilot", "instance": "rc105C5", "algorithm": "COORDINATED_MPC_MCTS", "status": "completed", "seconds": 0.3629975999938324, "served": 4, "error": null}
{"index": 21, "total": 17017, "study": "pilot", "instance": "rc105C5", "algorithm": "GREEDY", "status": "completed", "seconds": 0.05615099996794015, "served": 4, "error": null}
{"index": 22, "total": 17017, "study": "pilot", "instance": "rc105C5", "algorithm": "MPC_MCTS_H1", "status": "completed", "seconds": 0.2554746000096202, "served": 4, "error": null}
{"index": 23, "total": 17017, "study": "pilot", "instance": "rc105C5", "algorithm": "INDEPENDENT_MPC_MCTS", "status": "completed", "seconds": 0.26982259994838387, "served": 3, "error": null}
{"index": 24, "total": 17017, "study": "pilot", "instance": "rc105C5", "algorithm": "COORDINATED_MPC_MCTS", "status": "completed", "seconds": 0.3308096000691876, "served": 4, "error": null}
{"index": 25, "total": 17017, "study": "pilot", "instance": "c101C10", "algorithm": "GREEDY", "status": "completed", "seconds": 0.0630966000026092, "served": 6, "error": null}
{"index": 26, "total": 17017, "study": "pilot", "instance": "c101C10", "algorithm": "MPC_MCTS_H1", "status": "completed", "seconds": 0.36264800000935793, "served": 5, "error": null}
{"index": 27, "total": 17017, "study": "pilot", "instance": "c101C10", "algorithm": "INDEPENDENT_MPC_MCTS", "status": "completed", "seconds": 1.1402232999680564, "served": 8, "error": null}
{"index": 28, "total": 17017, "study": "pilot", "instance": "c101C10", "algorithm": "COORDINATED_MPC_MCTS", "status": "completed", "seconds": 1.3029091999633238, "served": 8, "error": null}
{"index": 29, "total": 17017, "study": "pilot", "instance": "c101C10", "algorithm": "GREEDY", "status": "completed", "seconds": 0.0608920999802649, "served": 4, "error": null}
{"index": 30, "total": 17017, "study": "pilot", "instance": "c101C10", "algorithm": "MPC_MCTS_H1", "status": "completed", "seconds": 0.32015389995649457, "served": 6, "error": null}
{"index": 31, "total": 17017, "study": "pilot", "instance": "c101C10", "algorithm": "INDEPENDENT_MPC_MCTS", "status": "completed", "seconds": 1.0221049000974745, "served": 9, "error": null}
{"index": 32, "total": 17017, "study": "pilot", "instance": "c101C10", "algorithm": "COORDINATED_MPC_MCTS", "status": "completed", "seconds": 1.377001800108701, "served": 9, "error": null}
{"index": 33, "total": 17017, "study": "pilot", "instance": "c103C15", "algorithm": "GREEDY", "status": "completed", "seconds": 0.07376599998679012, "served": 7, "error": null}
{"index": 34, "total": 17017, "study": "pilot", "instance": "c103C15", "algorithm": "MPC_MCTS_H1", "status": "completed", "seconds": 0.8070835000835359, "served": 10, "error": null}
{"index": 35, "total": 17017, "study": "pilot", "instance": "c103C15", "algorithm": "INDEPENDENT_MPC_MCTS", "status": "completed", "seconds": 3.0399990000296384, "served": 12, "error": null}
{"index": 36, "total": 17017, "study": "pilot", "instance": "c103C15", "algorithm": "COORDINATED_MPC_MCTS", "status": "completed", "seconds": 2.643268799991347, "served": 12, "error": null}
{"index": 37, "total": 17017, "study": "pilot", "instance": "c103C15", "algorithm": "GREEDY", "status": "completed", "seconds": 0.09187750006094575, "served": 14, "error": null}
{"index": 38, "total": 17017, "study": "pilot", "instance": "c103C15", "algorithm": "MPC_MCTS_H1", "status": "completed", "seconds": 0.6038226999808103, "served": 10, "error": null}
{"index": 39, "total": 17017, "study": "pilot", "instance": "c103C15", "algorithm": "INDEPENDENT_MPC_MCTS", "status": "completed", "seconds": 2.3490974999731407, "served": 12, "error": null}
{"index": 40, "total": 17017, "study": "pilot", "instance": "c103C15", "algorithm": "COORDINATED_MPC_MCTS", "status": "completed", "seconds": 2.4883177999872714, "served": 13, "error": null}
{"index": 41, "total": 17017, "study": "ablations", "instance": "c101_21", "algorithm": "COORDINATED_MPC_MCTS", "status": "completed", "seconds": 1309.0328550999984, "served": 52, "error": null}
{"index": 42, "total": 17017, "study": "ablations", "instance": "c101_21", "algorithm": "COORDINATED_MPC_MCTS", "status": "completed", "seconds": 424.0209446999943, "served": 45, "error": null}
